---
title: 其他数据库日志
date: 2022-04-24 14:30:59
categories: mysql
---

我们在讲解数据库事务时，讲过两种日志:重做日志、回滚日志。
对于线上数据库应用系统，突然遭遇**数据库宕机**怎么办?在这种情况下，定位宕机的原因就非常关键。我们可以查看数据库的错误日志。因为日志中记录了数据库运行中的诊断信息，包括了错误、警告和注释等信息。比如:从日志中发现某个连接中的SQL操作发生了死循环，导致内存不足，被系统强行终止了。明确了原因，处理起来也就轻松了，系统很快就恢复了运行。

除了发现错误，日志在数据复制、数据恢复、操作审计，以及确保数据的永久性和一致性等方面,都有着不可替代的作用。

**千万不要小看日志**。很多看似奇怪的问题，答案往往就藏在日志里。很多情况下，只有通过查看日志才
能发现问题的原因，真正解决问题。所以，一定要学会查看日志，养成检查日志的习惯，对提升你的数
据库应用开发能力至关重要。

MySQL8.0 官网日志地址：“ https://dev.mysql.com/doc/refman/8.0/en/server-logs.html ”

# MySQL支持的日志

## 日志类型

MySQL有不同类型的日志文件，用来存储不同类型的日志，分为**二进制日志、错误日志、通用查询日志和慢查询日志**，这也是常用的4种。MySQL 8又新增两种支持的日志： **中继日志**和**数据定义语句日志**。使用这些日志文件，可以查看MySQL内部发生的事情。

这6类日志分别为：

* **慢查询日志**：记录所有执行时间超过long_query_time的所有查询，方便我们对查询进行优化。
* **通用查询日志**：记录所有连接的起始时间和终止时间，以及连接发送给数据库服务器的所有指令，对我们复原操作的实际场景、发现问题，甚至是对数据库操作的审计都有很大的帮助。
* **错误日志**：记录MySQL服务的启动、运行或停止MySQL服务时出现的问题，方便我们了解服务器的状态，从而对服务器进行维护。
* **二进制日志**：记录所有更改数据的语句，可以用于主从服务器之间的数据同步，以及服务器遇到故障时数据的无损失恢复。
* **中继日志**：用于主从服务器架构中，从服务器用来存放主服务器二进制日志内容的一个中间文件。从服务器通过读取中继日志的内容，来同步主服务器上的操作。
* **数据定义语句日志**：记录数据定义语句执行的元数据操作。

除二进制日志外，其他日志都是文本文件。默认情况下，所有日志创建于MySQL数据目录中。

## 日志的弊端

* 日志功能会降低MySQL数据库的性能。
* 日志会占用大量的磁盘空间。

# 慢查询日志(slow query log)

在之前的性能分析工具的使用中已经说过

# 通用查询日志(general query log)

通用查询日志用来记录用户的所有操作，包括启动和关闭MySQL服务、所有用户的连接开始时间和截止时间、发给 MySQL 数据库服务器的所有 SQL 指令等。当我们的数据发生异常时，查看通用查询日志，还原操作时的具体场景，可以帮助我们准确定位问题。



在电商系统中，购买商品并且使用微信支付完成以后，却发现支付中心的记录并没有新增，此时用户再次使用支付宝支付，就会出现重复支付的问题。但是当去数据库中查询数据的时候，会发现只有一条记录存在。那么此时给到的现象就是只有一条支付记录，但是用户却支付了两次。

查看之后，发现:1月1日下午2点，用户使用微信支付完以后，但是由于网络故障，支付中心没有及时收到微信支付的回调通知，导致当时没有写入数据。1月1日下午2点30，用户又使用支付宝支付，此时记录更新到支付中心。1月1日晚上9点，微信的回调通知过来了，但是支付中心已经存在了支付宝的记录，所以只能覆盖记录了。

由于网络的原因导致了重复支付。至于解决问题的方案就很多了，这里省略。
可以看到通用查询日志可以帮助我们了解操作发生的具体时间和操作的细节，对找出异常发生的原因极其关键。

## 查看当前状态

```mysql
mysql> SHOW VARIABLES LIKE '%general%';
+------------------+-----------------------------+
| Variable_name    | Value                       |
+------------------+-----------------------------+
| general_log      | OFF                         |
| general_log_file | /var/lib/mysql/hadoop01.log |
+------------------+-----------------------------+
2 rows in set (0.04 sec)
```

## 启动日志

**方式1：永久性方式**
修改my.cnf或者my.ini配置文件来设置。在[mysqld]组下加入log选项，并重启MySQL服务。格式如下：

```ini
[mysqld]
general_log=ON
general_log_file=[path[filename]] #日志文件所在目录路径，filename为日志文件名
```

如果不指定目录和文件名，通用查询日志将默认存储在MySQL数据目录中的hostname.log文件中，hostname表示主机名。

**方式2：临时性方式**

```mysql
SET GLOBAL general_log=on; # 开启通用查询日志
SET GLOBAL general_log_file=’path/filename’; # 设置日志文件保存位置
```

```mysql
#关闭
SET GLOBAL general_log=off; # 关闭通用查询日志
```

查看设置后情况：

```mysql
SHOW VARIABLES LIKE 'general_log%';
```

## 查看日志

通用查询日志是以文本文件的形式存储在文件系统中的，可以使用文本编辑器直接打开日志文件。每台
MySQL服务器的通用查询日志内容是不同的。

* 在Windows操作系统中，使用文本文件查看器；
* 在Linux系统中，可以使用vi工具或者gedit工具查看；
* 在Mac OSX系统中，可以使用文本文件查看器或者vi等工具查看。
  从SHOW VARIABLES LIKE 'general_log%'; 结果中可以看到通用查询日志的位置。

```mysql
/usr/sbin/mysqld, Version: 8.0.26 (MySQL Community Server - GPL). started with:
Tcp port: 3306 Unix socket: /var/lib/mysql/mysql.sock
Time Id Command Argument
2022-01-04T07:44:58.052890Z 10 Query SHOW VARIABLES LIKE '%general%'
2022-01-04T07:45:15.666672Z 10 Query SHOW VARIABLES LIKE 'general_log%'
2022-01-04T07:45:28.970765Z 10 Query select * from student
2022-01-04T07:47:38.706804Z 11 Connect root@localhost on using Socket
2022-01-04T07:47:38.707435Z 11 Query select @@version_comment limit 1
2022-01-04T07:48:21.384886Z 12 Connect root@172.16.210.1 on using TCP/IP
2022-01-04T07:48:21.385253Z 12 Query SET NAMES utf8
2022-01-04T07:48:21.385640Z 12 Query USE `atguigu12`
2022-01-04T07:48:21.386179Z 12 Query SHOW FULL TABLES WHERE Table_Type !=
'VIEW'
2022-01-04T07:48:23.901778Z 13 Connect root@172.16.210.1 on using TCP/IP
2022-01-04T07:48:23.902128Z 13 Query SET NAMES utf8
2022-01-04T07:48:23.905179Z 13 Query USE `atguigu`
2022-01-04T07:48:23.905825Z 13 Query SHOW FULL TABLES WHERE Table_Type !=
'VIEW'
2022-01-04T07:48:32.163833Z 14 Connect root@172.16.210.1 on using TCP/IP
2022-01-04T07:48:32.164451Z 14 Query SET NAMES utf8
2022-01-04T07:48:32.164840Z 14 Query USE `atguigu`
2022-01-04T07:48:40.006687Z 14 Query select * from account
```

在通用查询日志里面，我们可以清楚地看到，什么时候开启了新的客户端登陆数据库，登录之后做了什么 SQL 操作，针对的是哪个数据表等信息。

## 停止日志

方式1：永久性方式
修改my.cnf 或者my.ini 文件，把[mysqld]组下的general_log 值设置为OFF 或者把general_log一项
注释掉。修改保存后，再重启MySQL服务，即可生效。 举例1：

```ini
[mysqld]
general_log=OFF
```

```mysql
[mysqld]
#general_log=ON
```

方式2：临时性方式

使用SET语句停止MySQL通用查询日志功能

```mysql
SET GLOBAL general_log=off;
```

查询通用日志功能：

```mysql
SHOW VARIABLES LIKE 'general_log%';
```

## 删除\刷新日志

如果数据的使用非常频繁，那么通用查询日志会占用服务器非常大的磁盘空间。数据管理员可以删除很长时间之前的查询日志，以保证MySQL服务器上的硬盘空间。

手动删除文件

```mysql
SHOW VARIABLES LIKE 'general_log%';
```

可以看出，通用查询日志的目录默认为MySQL数据目录。在该目录下手动删除通用查询日志hadoop01.log。
使用如下命令重新生成查询日志文件，具体命令如下。刷新MySQL数据目录，发现创建了新的日志文件。前提一定要开启通用日志。

```mysql
mysqladmin -uroot -p flush-logs
```

# 错误日志(error log)

## 启动日志

在MySQL数据库中，错误日志功能是默认开启的。而且，错误日志无法被禁止。
默认情况下，错误日志存储在MySQL数据库的数据文件夹下，名称默认为mysqld.log （Linux系统）或hostname.err （mac系统）。如果需要制定文件名，则需要在my.cnf或者my.ini中做如下配置：

```ini
[mysqld]
log-error=[path/[filename]] #path为日志文件所在的目录路径，filename为日志文件名
```

修改配置项后，需要重启MySQL服务以生效。

## 查看日志

MySQL错误日志是以文本文件形式存储的，可以使用文本编辑器直接查看。
查询错误日志的存储路径：

```mysql
mysql> SHOW VARIABLES LIKE 'log_err%';
+----------------------------+----------------------------------------+
| Variable_name | Value |
+----------------------------+----------------------------------------+
| log_error | /var/log/mysqld.log |
| log_error_services | log_filter_internal; log_sink_internal |
| log_error_suppression_list | |
| log_error_verbosity | 2 |
+----------------------------+----------------------------------------+
4 rows in set (0.01 sec)
```

执行结果中可以看到错误日志文件是mysqld.log，位于MySQL默认的数据目录下。

## 删除\刷新日志

对于很久以前的错误日志，数据库管理员查看这些错误日志的可能性不大，可以将这些错误日志删除，以保证MySQL服务器上的硬盘空间。MySQL的错误日志是以文本文件的形式存储在文件系统中的，可以直接删除。

**重新生成错误日志:**

```mysql

[root@atguigu01 log]# mysqladmin -uroot -p flush-logs
Enter password:
mysqladmin: refresh failed; error: 'Could not open file '/var/log/mysqld.log' for error logging.'
```

官网提示：

![image-20220424145746723](https://edu-1395430748.oss-cn-beijing.aliyuncs.com/images/imgs/image-20220424145746723.png)

补充操作：

```mysql
install -omysql -gmysql -m0644 /dev/null /var/log/mysqld.log
#再执行
mysqladmin -uroot -p flush-logs
```

flush-logs指令操作:

* MySQL 5.5.7以前的版本，flush-logs将错误日志文件重命名为filename.eyr_old，并创建新的日志文件。
* 从MySQL 5.5.7开始，flush-logs只是重新打开日志文件，并不做日志备份和创建的操作。
* 如果日志文件不存在，MySQL启动或者执行flush-logs时会自动创建新的日志文件。重新创建错误日志，大小为0字节。

## MySQL8.0新特性

MySQL8.0里对错误日志的改进。MySQL8.0的错误日志可以理解为一个全新的日志，在这个版本里，接受了来自社区的广泛批评意见，在这些意见和建议的基础上生成了新的日志。
下面这些是来自社区的意见:

* 默认情况下内容过于冗长
* 遗漏了有用的信息
* 难以过滤某些信息
* 没有标识错误信息的子系统源
* 没有错误代码，解析消息需要识别错误。引导消息可能会丢失
* 固定格式

针对这些意见，MySQL做了如下改变:

* 采用组件架构，通过不同的组件执行日志的写入和过滤功能
* 写入错误日志的全部信息都具有唯一的错误代码从10000开始
* 增加了一个新的消息分类《system》用于在错误日志中始终可见的非错误但服务器状态更改事件的消息。
* 增加了额外的附加信息，例如关机时的版本信息，谁发起的关机等等
* 两种过滤方式，Internal和Dragnet
* 三种写入形式，经典、JSON和syseventlog

# 二进制日志(bin log)

binlog可以说是MySQL中比较重要的日志了，在日常开发及运维过程中，经常会遇到。
binlog即binary log，二进制日志文件，也叫作变更日志（update log）。它记录了数据库所有执行的DDL 和DML 等数据库更新事件的语句，但是不包含没有修改任何数据的语句（如数据查询语句select、show等）。

它以事件形式记录并保存在二进制文件中。通过这些信息，我们可以再现数据更新操作的全过程。

> 如果想要记录所有语句（例如，为了识别有问题的查询)，需要使用通用查询日志。

binlog主要应用场景:

* 一是用于**数据恢复**，如果MysQL数据库意外停止，可以通过二进制日志文件来查看用户执行了哪些操作，对数据库服务器文件做了哪些修改，然后根据二进制日志文件中的记录来恢复数据库服务器。
* 二是用于**数据复制**，由于日志的延续性和时效性，master把它的二进制日志传递给slaves来达到master-slave数据一致的目的。

可以说MySQL数据库的**数据备份、主备、主主、主从**都离不开binlog，需要依靠binlog来同步数据，保证数据一致性。

![image-20220424150923657](https://edu-1395430748.oss-cn-beijing.aliyuncs.com/images/imgs/image-20220424150923657.png)

## 查看默认情况

查看记录二进制日志是否开启：在MySQL8中默认情况下，二进制文件是开启的。

```mysql
mysql> show variables like '%log_bin%';
+---------------------------------+----------------------------------+
| Variable_name | Value |
+---------------------------------+----------------------------------+
| log_bin | ON |
| log_bin_basename | /var/lib/mysql/binlog |
| log_bin_index | /var/lib/mysql/binlog.index |
| log_bin_trust_function_creators | OFF |  #这个值OFF是不信任函数 ，因为使用函数now（）的时候主机，和从机的时间有偏差
| log_bin_use_v1_row_events | OFF |
| sql_log_bin | ON |
+---------------------------------+----------------------------------+
6 rows in set (0.00 sec)
```

**每次重启都会创建一个binlig.index文件**

## 日志参数设置

方式1：永久性方式
修改MySQL的my.cnf 或my.ini 文件可以设置二进制日志的相关参数：

```ini
[mysqld]
#启用二进制日志
log-bin=atguigu-bin
binlog_expire_logs_seconds=600
max_binlog_size=100M
```

> 提示:
> 1. log-bin=mysql-bin #打开日志(主机需要打开)，这个mysql-bin也可以自定义，这里也可以加上路径，如:/home/www/mysql_bin_log/mysql-bin
> 2. binlog_expire_logs_seconds:此参数控制二进制日志文件保留的时长，单位是秒，默认2592000 30天-- 14400 4小时;86400 1天;259200 3天;
> 3. max_binlog_size:控制单个二进制日志大小，当前日志文件大小超过此变量时，执行切换动作此参数的最大和默认值是1GB，该设置并不能严格控制Binlog的大小，尤其是Binlog比较靠近最大值而又遇到一个比较大事务时，为了保证事务的完整性，可能不做切换日志的动作，只能将该事务的所有sql都记录进当前日志，直到事务结束。一般情况下可采取默认值。

重新启动MySQL服务，查询二进制日志的信息，执行结果：

```mysql
mysql> show variables like '%log_bin%';
+---------------------------------+----------------------------------+
| Variable_name | Value |
+---------------------------------+----------------------------------+
| log_bin | ON |
| log_bin_basename | /var/lib/mysql/atguigu-bin |
| log_bin_index | /var/lib/mysql/atguigu-bin.index |
| log_bin_trust_function_creators | OFF |
| log_bin_use_v1_row_events | OFF |
| sql_log_bin | ON |
+---------------------------------+----------------------------------+
6 rows in set (0.00 sec)
```

设置带文件夹的bin-log日志存放目录

如果想改变日志文件的目录和名称，可以对my.cnf或my.ini中的log_bin参数修改如下：

```ini
[mysqld]
log-bin="/var/lib/mysql/binlog/atguigu-bin"
```

注意：新建的文件夹需要使用mysql用户，使用下面的命令即可。

```shell
chown -R -v mysql:mysql binlog
```

方式2：临时性方式
如果不希望通过修改配置文件并重启的方式设置二进制日志的话，还可以使用如下指令，需要注意的是在mysql8中只有会话级别的设置，没有了global级别的设置。

```mysql
# global 级别
mysql> set global sql_log_bin=0;
ERROR 1228 (HY000): Variable 'sql_log_bin' is a SESSION variable and can`t be used
with SET GLOBAL
# session级别
mysql> SET sql_log_bin=0;
Query OK, 0 rows affected (0.01 秒)
```

## 查看日志

当MySQL创建二进制日志文件时，先创建一个以“filename”为名称、以“.index”为后缀的文件，再创建一个以“filename”为名称以“.000001”为后缀的文件。
MySQL服务重新启动一次，以“.000001”为后缀的文件就会增加一个，并且后缀名按1递增。即日志文件的个数与MySQL服务启动的次数相同；如果日志长度超过了max_binlog_size 的上限（默认是1GB），就会创建一个新的日志文件。
查看当前的二进制日志文件列表及大小。指令如下：

```mysql
mysql> SHOW BINARY LOGS;
+------------------+-----------+-----------+
| Log_name         | File_size | Encrypted |
+------------------+-----------+-----------+
| mysql-bin.000001 |      4612 | No        |
| mysql-bin.000002 | 139508556 | No        |
| mysql-bin.000003 |       179 | No        |
| mysql-bin.000004 | 385392488 | No        |
| mysql-bin.000005 |      8897 | No        |
+------------------+-----------+-----------+
```

执行结果可以看到，这是一个简单的日志文件，日志中记录了用户的一些操作，这里并没有出现具体的SsQL语句，这是因为binlog关键字后面的内容是经过编码后的二进制日志。
这里一个update语句包含如下事件

* Query事件负责开始一个事务(BEGIN)。
* Table_map事件负责映射需要的表.
* Update_rows事件负责写入数据。
* Xid事件负责结束事务
  下面命令将行事件以伪SQL的形式表现出来

```mysql
mysqlbinlog -v "/var/lib/mysql/binlog/atguigu-bin.000002"
#220105 9:16:37 server id 1 end_log_pos 324 CRC32 0x6b31978b Query thread_id=10
exec_time=0 error_code=0
SET TIMESTAMP=1641345397/*!*/;
SET @@session.pseudo_thread_id=10/*!*/;
SET @@session.foreign_key_checks=1, @@session.sql_auto_is_null=0,
@@session.unique_checks=1, @@session.autocommit=1/*!*/;
SET @@session.sql_mode=1168113696/*!*/;
SET @@session.auto_increment_increment=1, @@session.auto_increment_offset=1/*!*/;
/*!\C utf8mb3 *//*!*/;
SET
@@session.character_set_client=33,@@session.collation_connection=33,@@session.collatio
n_server=255/*!*/;
SET @@session.lc_time_names=0/*!*/;
SET @@session.collation_database=DEFAULT/*!*/;
/*!80011 SET @@session.default_collation_for_utf8mb4=255*//*!*/;
BEGIN
/*!*/;
# at 324
#220105 9:16:37 server id 1 end_log_pos 391 CRC32 0x74f89890 Table_map:
`atguigu14`.`student` mapped to number 85
# at 391
#220105 9:16:37 server id 1 end_log_pos 470 CRC32 0xc9920491 Update_rows: table id
85 flags: STMT_END_F
BINLOG '

dfHUYRMBAAAAQwAAAIcBAAAAAFUAAAAAAAEACWF0Z3VpZ3UxNAAHc3R1ZGVudAADAw8PBDwAHgAG
AQEAAgEhkJj4dA==
dfHUYR8BAAAATwAAANYBAAAAAFUAAAAAAAEAAgAD//8AAQAAAAblvKDkuIkG5LiA54+tAAEAAAAL
5byg5LiJX2JhY2sG5LiA54+tkQSSyQ==
'/*!*/;
### UPDATE `atguigu`.`student`
### WHERE
### @1=1
### @2='张三'
### @3='一班'
### SET
### @1=1
### @2='张三_back'
### @3='一班'
# at 470
#220105 9:16:37 server id 1 end_log_pos 501 CRC32 0xca01d30f Xid = 15
COMMIT/*!*/;
```

前面的命令同时显示binlog格式的语句，使用如下命令不显示它

```mysql
mysqlbinlog -v --base64-output=DECODE-ROWS "/var/lib/mysql/binlog/atguigu-bin.000002"
#220105 9:16:37 server id 1 end_log_pos 324 CRC32 0x6b31978b Query thread_id=10
exec_time=0 error_code=0
SET TIMESTAMP=1641345397/*!*/;
SET @@session.pseudo_thread_id=10/*!*/;
SET @@session.foreign_key_checks=1, @@session.sql_auto_is_null=0,
@@session.unique_checks=1, @@session.autocommit=1/*!*/;
SET @@session.sql_mode=1168113696/*!*/;
SET @@session.auto_increment_increment=1, @@session.auto_increment_offset=1/*!*/;
/*!\C utf8mb3 *//*!*/;
SET
@@session.character_set_client=33,@@session.collation_connection=33,@@session.collatio
n_server=255/*!*/;
SET @@session.lc_time_names=0/*!*/;
SET @@session.collation_database=DEFAULT/*!*/;
/*!80011 SET @@session.default_collation_for_utf8mb4=255*//*!*/;
BEGIN
/*!*/;
# at 324
#220105 9:16:37 server id 1 end_log_pos 391 CRC32 0x74f89890 Table_map:
`atguigu14`.`student` mapped to number 85
# at 391
#220105 9:16:37 server id 1 end_log_pos 470 CRC32 0xc9920491 Update_rows: table id
85 flags: STMT_END_F
### UPDATE `atguigu14`.`student`
### WHERE
### @1=1
### @2='张三'
### @3='一班'
### SET
### @1=1
### @2='张三_back'
### @3='一班'
# at 470
#220105 9:16:37 server id 1 end_log_pos 501 CRC32 0xca01d30f Xid = 15
```

关于mysqlbinlog工具的使用技巧还有很多，例如只解析对某个库的操作或者某个时间段内的操作等。简单分享几个常用的语句，更多操作可以参考官方文档。

```mysql
# 可查看参数帮助
mysqlbinlog --no-defaults --help
# 查看最后100行
mysqlbinlog --no-defaults --base64-output=decode-rows -vv atguigu-bin.000002 |tai-100
# 根据position查找
mysqlbinlog --no-defaults --base64-output=decode-rows -vv atguigu-bin.000002 |grep -A 20 '4939002'
```

上面这种办法读取出binlog日志的全文内容比较多，不容易分辨查看到pos点信息，下面介绍一种更为方便的查询命令：

```mysql
mysql> show binlog events [IN 'log_name'] [FROM pos] [LIMIT [offset,] row_count];
```

* IN 'log_name' ：指定要查询的binlog文件名（不指定就是第一个binlog文件）　
* FROM pos ：指定从哪个pos起始点开始查起（不指定就是从整个文件首个pos点开始算）
* LIMIT [offset] ：偏移量(不指定就是0)
* row_count :查询总条数（不指定就是所有行）

```mysql
mysql> show binlog events in 'atguigu-bin.000002';
+--------------------+-----+----------------+-----------+-------------+---------------
--------------------------------------------------------------+
| Log_name | Pos | Event_type | Server_id | End_log_pos | Info
|
+--------------------+-----+----------------+-----------+-------------+---------------
--------------------------------------------------------------+
| atguigu-bin.000002 | 4 | Format_desc | 1 | 125 | Server ver:
8.0.26, Binlog ver: 4 |
| atguigu-bin.000002 | 125 | Previous_gtids | 1 | 156 |
|
| atguigu-bin.000002 | 156 | Anonymous_Gtid | 1 | 235 | SET
@@SESSION.GTID_NEXT= 'ANONYMOUS' |
| atguigu-bin.000002 | 235 | Query | 1 | 324 | BEGIN
|
| atguigu-bin.000002 | 324 | Table_map | 1 | 391 | table_id: 85
(atguigu14.student) |
| atguigu-bin.000002 | 391 | Update_rows | 1 | 470 | table_id: 85
flags: STMT_END_F |
| atguigu-bin.000002 | 470 | Xid | 1 | 501 | COMMIT /*
xid=15 */ |
| atguigu-bin.000002 | 501 | Anonymous_Gtid | 1 | 578 | SET
@@SESSION.GTID_NEXT= 'ANONYMOUS' |
| atguigu-bin.000002 | 578 | Query | 1 | 721 | use
`atguigu14`; create table test(id int, title varchar(100)) /* xid=19 */ |
| atguigu-bin.000002 | 721 | Anonymous_Gtid | 1 | 800 | SET
@@SESSION.GTID_NEXT= 'ANONYMOUS' |
| atguigu-bin.000002 | 800 | Query | 1 | 880 | BEGIN
|
| atguigu-bin.000002 | 880 | Table_map | 1 | 943 | table_id: 89
(atguigu14.test) |
| atguigu-bin.000002 | 943 | Write_rows | 1 | 992 | table_id: 89
flags: STMT_END_F |
| atguigu-bin.000002 | 992 | Xid | 1 | 1023 | COMMIT /*
xid=21 */
```

```mysql
#a、查询第一个最早的binlog日志:
show binlog events\G;
#b、指定查询mysql-bin.000002这个文件
show binlog events in 'atguigu-bin.000002 ' \G;
#c、指定查询mysql-bin.000002这个文件，从pos点:391开始查起:
show binlog events in 'atguigu-bin.000002' from 391\G;
#d、指定查询mysql-bin.000002这个文件，从pos点:391开始查起，查询5条（即5条语句)
show binlog events in 'atguigu-bin.000002' from 391 limit 5\G;
#e、指定查询 mysql-bin.000002这个文件，从pos点:391开始查起，偏移2行（即中间跳过2个）查询5条（即5条语句）。
show binlog events in 'atguigu-bin.000002 ' from 391 limit 2,5\G;

```



上面我们讲了这么多都是基于binlog的默认格式，binlog格式查看

```mysql
mysql> show variables like 'binlog_format';
+---------------+-------+
| Variable_name | Value |
+---------------+-------+
| binlog_format | ROW |
+---------------+-------+
1 行于数据集 (0.02 秒)
```

除此之外，binlog还有2种格式，分别是Statement和Mixed

* Statement
  每一条会修改数据的sql都会记录在binlog中。

  优点：不需要记录每一行的变化，减少了binlog日志量，节约了IO，提高性能。

* Row
  5.1.5版本的MySQL才开始支持row level 的复制，它不记录sql语句上下文相关信息，仅保存哪条记录被修改。
  优点：row level 的日志内容会非常清楚的记录下每一行数据修改的细节。而且不会出现某些特定情况下的存储过程，或function，以及trigger的调用和触发无法被正确复制的问题。

* Mixed
  从5.1.8版本开始，MySQL提供了Mixed格式，实际上就是Statement与Row的结合。
  详细情况，下章讲解。

## 使用日志恢复数据

mysqlbinlog恢复数据的语法如下：

```mysql
mysqlbinlog [option] filename|mysql –uuser -ppass;
```

这个命令可以这样理解：使用mysqlbinlog命令来读取filename中的内容，然后使用mysql命令将这些内容恢复到数据库中。

* filename ：是日志文件名。
* option ：可选项，比较重要的两对option参数是--start-date、--stop-date 和 --start-position、--stop-position。
  * --start-date 和 --stop-date ：可以指定恢复数据库的起始时间点和结束时间点。
  * --start-position和--stop-position ：可以指定恢复数据的开始位置和结束位置。

> 注意：使用mysqlbinlog命令进行恢复操作时，必须是编号小的先恢复，例如atguigu-bin.000001必须在atguigu-bin.000002之前恢复。

案例演示:

```mysql
mysql> show binary logs;
ERROR 2013 (HY000): Lost connection to MySQL server during query
No connection. Trying to reconnect...
Connection id:    8
Current database: *** NONE ***

+------------------+-----------+-----------+
| Log_name         | File_size | Encrypted |
+------------------+-----------+-----------+
| mysql-bin.000001 |      4612 | No        |
| mysql-bin.000002 | 139508556 | No        |
| mysql-bin.000003 |       179 | No        |
| mysql-bin.000004 | 385392488 | No        |
| mysql-bin.000005 |      8920 | No        |
| mysql-bin.000006 |       156 | No        |
+------------------+-----------+-----------+
6 rows in set (0.00 sec)

mysql> use atguigudb3;
Reading table information for completion of table and column names
You can turn off this feature to get a quicker startup with -A

Database changed
mysql> select * from student;
+----+----------+--------+
| id | name     | class  |
+----+----------+--------+
|  1 | 张三11   | 一班   |
|  3 | 李四     | 一班   |
|  8 | 王五     | 二班   |
| 15 | 赵六     | 二班   |
| 20 | 钱四     | 三班   |
| 34 | 周八     | 二班   |
+----+----------+--------+
6 rows in set (0.00 sec)

mysql> insert into student(id,name,class) values(21,'aaa','No.1');
Query OK, 1 row affected (0.01 sec)

mysql> insert into student(id,name,class) values(22,'aaa','No.1');
Query OK, 1 row affected (0.00 sec)

mysql> insert into student(id,name,class) values(23,'aaa','No.1');
Query OK, 1 row affected (0.00 sec)

mysql> select * from student;
+----+----------+--------+
| id | name     | class  |
+----+----------+--------+
|  1 | 张三11   | 一班   |
|  3 | 李四     | 一班   |
|  8 | 王五     | 二班   |
| 15 | 赵六     | 二班   |
| 20 | 钱四     | 三班   |
| 21 | aaa      | No.1   |
| 22 | aaa      | No.1   |
| 23 | aaa      | No.1   |
| 34 | 周八     | 二班   |
+----+----------+--------+
9 rows in set (0.00 sec)

mysql> delete from student where id =21;
Query OK, 1 row affected (0.01 sec)

mysql> select * from student;
+----+----------+--------+
| id | name     | class  |
+----+----------+--------+
|  1 | 张三11   | 一班   |
|  3 | 李四     | 一班   |
|  8 | 王五     | 二班   |
| 15 | 赵六     | 二班   |
| 20 | 钱四     | 三班   |
| 22 | aaa      | No.1   |
| 23 | aaa      | No.1   |
| 34 | 周八     | 二班   |
+----+----------+--------+
8 rows in set (0.00 sec)

mysql> update student set name='bbb' where id=22;
Query OK, 1 row affected (0.00 sec)
Rows matched: 1  Changed: 1  Warnings: 0

mysql> select * from student;
+----+----------+--------+
| id | name     | class  |
+----+----------+--------+
|  1 | 张三11   | 一班   |
|  3 | 李四     | 一班   |
|  8 | 王五     | 二班   |
| 15 | 赵六     | 二班   |
| 20 | 钱四     | 三班   |
| 22 | bbb      | No.1   |
| 23 | aaa      | No.1   |
| 34 | 周八     | 二班   |
+----+----------+--------+
8 rows in set (0.00 sec)

mysql> delete from student where id>20;
Query OK, 3 rows affected (0.01 sec)

mysql> select * from student;
+----+----------+--------+
| id | name     | class  |
+----+----------+--------+
|  1 | 张三11   | 一班   |
|  3 | 李四     | 一班   |
|  8 | 王五     | 二班   |
| 15 | 赵六     | 二班   |
| 20 | 钱四     | 三班   |
+----+----------+--------+
5 rows in set (0.00 sec)

mysql> show binary logs;
+------------------+-----------+-----------+
| Log_name         | File_size | Encrypted |
+------------------+-----------+-----------+
| mysql-bin.000001 |      4612 | No        |
| mysql-bin.000002 | 139508556 | No        |
| mysql-bin.000003 |       179 | No        |
| mysql-bin.000004 | 385392488 | No        |
| mysql-bin.000005 |      8920 | No        |
| mysql-bin.000006 |      2061 | No        |
+------------------+-----------+-----------+
6 rows in set (0.00 sec)

mysql> flush logs;
Query OK, 0 rows affected (0.01 sec)

mysql> show binary logs;
+------------------+-----------+-----------+
| Log_name         | File_size | Encrypted |
+------------------+-----------+-----------+
| mysql-bin.000001 |      4612 | No        |
| mysql-bin.000002 | 139508556 | No        |
| mysql-bin.000003 |       179 | No        |
| mysql-bin.000004 | 385392488 | No        |
| mysql-bin.000005 |      8920 | No        |
| mysql-bin.000006 |      2108 | No        |
| mysql-bin.000007 |       156 | No        |
+------------------+-----------+-----------+
7 rows in set (0.00 sec)
mysql> show binlog events in 'mysql-bin.000006';
+------------------+------+----------------+-----------+-------------+--------------------------------------+
| Log_name         | Pos  | Event_type     | Server_id | End_log_pos | Info                                 |
+------------------+------+----------------+-----------+-------------+--------------------------------------+
| mysql-bin.000006 |    4 | Format_desc    |         1 |         125 | Server ver: 8.0.25, Binlog ver: 4    |
| mysql-bin.000006 |  125 | Previous_gtids |         1 |         156 |                                      |
| mysql-bin.000006 |  156 | Anonymous_Gtid |         1 |         235 | SET @@SESSION.GTID_NEXT= 'ANONYMOUS' |

| mysql-bin.000006 |  235 | Query          |         1 |         316 | BEGIN                                |
| mysql-bin.000006 |  316 | Table_map      |         1 |         384 | table_id: 93 (atguigudb3.student)    |
| mysql-bin.000006 |  384 | Write_rows     |         1 |         433 | table_id: 93 flags: STMT_END_F       |
| mysql-bin.000006 |  433 | Xid            |         1 |         464 | COMMIT /* xid=18 */                  |
| mysql-bin.000006 |  464 | Anonymous_Gtid |         1 |         543 | SET @@SESSION.GTID_NEXT= 'ANONYMOUS' |
| mysql-bin.000006 |  543 | Query          |         1 |         624 | BEGIN                                |
| mysql-bin.000006 |  624 | Table_map      |         1 |         692 | table_id: 93 (atguigudb3.student)    |
| mysql-bin.000006 |  692 | Write_rows     |         1 |         741 | table_id: 93 flags: STMT_END_F       |
| mysql-bin.000006 |  741 | Xid            |         1 |         772 | COMMIT /* xid=19 */                  |
| mysql-bin.000006 |  772 | Anonymous_Gtid |         1 |         851 | SET @@SESSION.GTID_NEXT= 'ANONYMOUS' |
| mysql-bin.000006 |  851 | Query          |         1 |         932 | BEGIN                                |
| mysql-bin.000006 |  932 | Table_map      |         1 |        1000 | table_id: 93 (atguigudb3.student)    |
| mysql-bin.000006 | 1000 | Write_rows     |         1 |        1049 | table_id: 93 flags: STMT_END_F       |
| mysql-bin.000006 | 1049 | Xid            |         1 |        1080 | COMMIT /* xid=20 */                  |
| mysql-bin.000006 | 1080 | Anonymous_Gtid |         1 |        1159 | SET @@SESSION.GTID_NEXT= 'ANONYMOUS' |

| mysql-bin.000006 | 1159 | Query          |         1 |        1240 | BEGIN                                |
| mysql-bin.000006 | 1240 | Table_map      |         1 |        1308 | table_id: 93 (atguigudb3.student)    |
| mysql-bin.000006 | 1308 | Delete_rows    |         1 |        1357 | table_id: 93 flags: STMT_END_F       |
| mysql-bin.000006 | 1357 | Xid            |         1 |        1388 | COMMIT /* xid=22 */                  |
| mysql-bin.000006 | 1388 | Anonymous_Gtid |         1 |        1467 | SET @@SESSION.GTID_NEXT= 'ANONYMOUS' |
| mysql-bin.000006 | 1467 | Query          |         1 |        1557 | BEGIN                                |
| mysql-bin.000006 | 1557 | Table_map      |         1 |        1625 | table_id: 93 (atguigudb3.student)    |
| mysql-bin.000006 | 1625 | Update_rows    |         1 |        1689 | table_id: 93 flags: STMT_END_F       |
| mysql-bin.000006 | 1689 | Xid            |         1 |        1720 | COMMIT /* xid=24 */                  |
| mysql-bin.000006 | 1720 | Anonymous_Gtid |         1 |        1799 | SET @@SESSION.GTID_NEXT= 'ANONYMOUS' |
| mysql-bin.000006 | 1799 | Query          |         1 |        1880 | BEGIN                                |
| mysql-bin.000006 | 1880 | Table_map      |         1 |        1948 | table_id: 93 (atguigudb3.student)    |
| mysql-bin.000006 | 1948 | Delete_rows    |         1 |        2030 | table_id: 93 flags: STMT_END_F       |
| mysql-bin.000006 | 2030 | Xid            |         1 |        2061 | COMMIT /* xid=27 */                  |
| mysql-bin.000006 | 2061 | Rotate         |         1 |        2108 | mysql-bin.000007;pos=4               |
+------------------+------+----------------+-----------+-------------+--------------------------------------+
33 rows in set (0.00 sec
    
#数据恢复 基于pos编号
 [root@hadoop01 mysql]# /usr/bin/mysqlbinlog  --start-position=316  --stop-position=1080 --database=atguigudb3 /var/lib/mysql/mysql-bin.000006 | /usr/bin/mysql -uroot -p123456 -v  atguigudb3
                
#基于时间 通过 mysqlbinlog -v "/var/lib/mysql/binlog/mysql-bin.000006" 查看
#20424 15:45:14 220424 15:45:47 
 [root@hadoop01 mysql]# /usr/bin/mysqlbinlog  --start-datetime="2022-04-24 15:45:14"  --stop-datetime="2022-04-24 15:45:47" --database=atguigudb3 /var/lib/mysql/mysql-bin.000006 | /usr/bin/mysql -uroot -p123456 -v  atguigudb3
               
```



## 删除二进制日志

MySQL的二进制文件可以配置自动删除，同时MySQL也提供了安全的手动删除二进制文件的方法。PURGE MASTER LOGS 只删除指定部分的二进制日志文件， RESET MASTER 删除所有的二进制日志文件。具体如下：

1. PURGE MASTER LOGS：删除指定日志文件
PURGE MASTER LOGS语法如下：

```mysql
PURGE {MASTER | BINARY} LOGS TO ‘指定日志文件名’
PURGE {MASTER | BINARY} LOGS BEFORE ‘指定日期’
```

## 其它场景

二进制日志可以通过数据库的**全量备份**和二进制日志中保存的**增量信息**，完成数据库的**无损失恢复**。
但是，如果遇到数据量大、数据库和数据表很多（比如分库分表的应用）的场景，用二进制日志进行数据恢复，是很有挑战性的，因为起止位置不容易管理。
在这种情况下，一个有效的解决办法是**配置主从数据库服务器**，甚至是**一主多从**的架构，把二进制日志文件的内容通过中继日志，同步到从数据库服务器中，这样就可以有效避免数据库故障导致的数据异常等问题。

# 再谈二进制日志(binlog)

## 写入机制

binlog的写入时机也非常简单，事务执行过程中，先把日志写到binlog cache ，事务提交的时候，再把binlog cache写到binlog文件中。因为一个事务的binlog不能被拆开，无论这个事务多大，也要确保一次性写入，所以系统会给每个线程分配一个块内存作为binlog cache。

我们可以通过binlog_cache_size参数控制单个线程binlog cache大小，如果存储内容超过了这个参数，就要暂存到磁盘(Swap) 。binlog日志刷盘流程如下:

![image-20220425153056992](https://edu-1395430748.oss-cn-beijing.aliyuncs.com/images/imgs/image-20220425153056992.png)

write和fsync的时机，可以由参数sync_binlog 控制，**默认是0** 。为0的时候，表示每次提交事务都只write，由系统自行判断什么时候执行fsync。虽然性能得到提升，但是机器宕机，page cache里面的binglog 会丢失。如下图：

![image-20220425153207689](https://edu-1395430748.oss-cn-beijing.aliyuncs.com/images/imgs/image-20220425153207689.png)

为了安全起见，可以设置为1 ，表示每次提交事务都会执行fsync，就如同**redo log 刷盘流程一样**。最后还有一种折中方式，可以设置为N(N>1)，表示每次提交事务都write，但累积N个事务后才fsync。

![image-20220425153322202](https://edu-1395430748.oss-cn-beijing.aliyuncs.com/images/imgs/image-20220425153322202.png)

在出现IO瓶颈的场景里，将sync_binlog设置成一个比较大的值，可以提升性能。同样的，如果机器宕机，会丢失最近N个事务的binlog日志。

## binlog与redolog对比

* redo log 它是**物理日志**，记录内容是“在某个数据页上做了什么修改”，属于 InnoDB 存储引擎层产生的。
* 而 binlog 是**逻辑日志**，记录内容是语句的原始逻辑，类似于“给 ID=2 这一行的 c 字段加 1”，属于MySQL Server 层。

虽然它们都属于持久化的保证，但是则重点不同。

* redo log 让InnoDB存储引擎拥有了崩溃恢复能力。保证事务提交时的持久性
*  binlog保证了MySQL集群架构的数据一致性。

## 两阶段提交

在执行更新语句过程，会记录redo log与binlog两块日志，以基本的事务为单位，redo log在事务执行过程中可以不断写入，而binlog只有在提交事务时才写入，所以redo log与binlog的写入时机不一样。

![image-20220425153648955](https://edu-1395430748.oss-cn-beijing.aliyuncs.com/images/imgs/image-20220425153648955.png)

**redo log与binlog两份日志之间的逻辑不一致，会出现什么问题？**



![image-20220425153834664](https://edu-1395430748.oss-cn-beijing.aliyuncs.com/images/imgs/image-20220425153834664.png)

由于binlog没写完就异常，这时候binlog里面没有对应的修改记录。

![image-20220425153843300](https://edu-1395430748.oss-cn-beijing.aliyuncs.com/images/imgs/image-20220425153843300.png)

为了解决两份日志之间的逻辑一致问题，InnoDB存储引擎使用**两阶段提交**方案。

![image-20220425153938898](https://edu-1395430748.oss-cn-beijing.aliyuncs.com/images/imgs/image-20220425153938898.png)

使用两阶段提交后，写入binlog时发生异常也不会有影响，因为MySQL根据redo log日志恢复数据时发现redo log还处于prepare阶段，并且没有对应binlog日志，就会回滚该事务。

![image-20220425154058066](https://edu-1395430748.oss-cn-beijing.aliyuncs.com/images/imgs/image-20220425154058066.png)

另一个场景，redo log设置commit阶段发生异常，那会不会回滚事务呢？

![image-20220425154131002](https://edu-1395430748.oss-cn-beijing.aliyuncs.com/images/imgs/image-20220425154131002.png)

并不会回滚事务，它会执行上图框住的逻辑，虽然redo log是处于prepare阶段，但是能通过事务id找到对应的binlog日志，所以MySQL认为是完整的，就会提交事务恢复数据。

# 中继日志(relay log)

中继日志只在主从服务器架构的从服务器上存在。从服务器为了与主服务器保持一致，要从主服务器读取二进制日志的内容，并且把读取到的信息写入本地的日志文件中，这个从服务器本地的日志文件就叫中继日志。然后，从服务器读取中继日志，并根据中继日志的内容对从服务器的数据进行更新，完成主从服务器的数据同步。搭建好主从服务器之后，中继日志默认会保存在从服务器的数据目录下。

## 查看中继日志

中继日志与二进制日志的格式相同，可以用 mysqlbinlog 工具进行查看。下面是中继日志的一个片段：

```mysql
SET TIMESTAMP=1618558728/*!*/;
BEGIN
/*!*/;
# at 950
#210416 15:38:48 server id 1 end_log_pos 832 CRC32 0xcc16d651 Table_map:
`atguigu`.`test` mapped to number 91
# at 1000
#210416 15:38:48 server id 1 end_log_pos 872 CRC32 0x07e4047c Delete_rows: table id
91 flags: STMT_END_F -- server id 1 是主服务器，意思是主服务器删了一行数据
BINLOG '
CD95YBMBAAAAMgAAAEADAAAAAFsAAAAAAAEABGRlbW8ABHRlc3QAAQMAAQEBAFHWFsw=
CD95YCABAAAAKAAAAGgDAAAAAFsAAAAAAAEAAgAB/wABAAAAfATkBw==
'/*!*/;
# at 1040
```

## 恢复的典型错误

如果从服务器宕机，有的时候为了系统恢复，要重装操作系统，这样就可能会导致你的服务器名称与之前不同。而中继日志里是包含从服务器名的。在这种情况下，就可能导致你恢复从服务器的时候，无法从宕机前的中继日志里读取数据，以为是日志文件损坏了，其实是名称不对了。
解决的方法也很简单，把从服务器的名称改回之前的名称。
